[28-Oct-2023 07:18:56 UTC] PHP Fatal error:  Uncaught Error: Call to undefined function bp_is_user_bluechip_edit() in /home/u607448364/domains/swrice.com/public_html/wp-content/themes/buddyboss-theme/buddypress/members/single/profile.php:12
Stack trace:
#0 /home/u607448364/domains/swrice.com/public_html/wp-includes/template.php(785): require_once()
#1 /home/u607448364/domains/swrice.com/public_html/wp-content/plugins/buddyboss-platform/bp-templates/bp-nouveau/includes/members/functions.php(331): load_template()
#2 /home/u607448364/domains/swrice.com/public_html/wp-content/plugins/buddyboss-platform/bp-templates/bp-nouveau/includes/members/template-tags.php(938): bp_nouveau_member_get_template_part()
#3 /home/u607448364/domains/swrice.com/public_html/wp-content/themes/buddyboss-theme/buddypress/members/single/home.php(54): bp_nouveau_member_template_part()
#4 /home/u607448364/domains/swrice.com/public_html/wp-includes/template.php(787): require('/home/u60744836...')
#5 /home/u607448364/domains/swrice.com/public_html/wp-content/plugins/buddyboss-platform/bp-core/bp-core-template-loader.php(180): load_template()
#6 /home/u607448364/domains/swrice.com/public_html/wp-content/plugins/buddyboss-platform/bp-core/bp-core-template-loader.php(70): bp_locate_template()
#7 /home/u607448364/domains/swrice.com/public_html/wp-content/plugins/buddyboss-platform/bp-core/bp-core-template-loader.php(367): bp_get_template_part()
#8 /home/u607448364/domains/swrice.com/public_html/wp-content/plugins/buddyboss-platform/bp-members/classes/class-bp-members-theme-compat.php(220): bp_buffer_template_part()
#9 /home/u607448364/domains/swrice.com/public_html/wp-includes/class-wp-hook.php(310): BP_Members_Theme_Compat->single_dummy_content()
#10 /home/u607448364/domains/swrice.com/public_html/wp-includes/plugin.php(205): WP_Hook->apply_filters()
#11 /home/u607448364/domains/swrice.com/public_html/wp-content/plugins/buddyboss-platform/bp-core/bp-core-theme-compatibility.php(683): apply_filters()
#12 /home/u607448364/domains/swrice.com/public_html/wp-includes/class-wp-hook.php(310): bp_replace_the_content()
#13 /home/u607448364/domains/swrice.com/public_html/wp-includes/plugin.php(205): WP_Hook->apply_filters()
#14 /home/u607448364/domains/swrice.com/public_html/wp-includes/post-template.php(256): apply_filters()
#15 /home/u607448364/domains/swrice.com/public_html/wp-content/themes/buddyboss-theme/template-parts/content-buddypress.php(38): the_content()
#16 /home/u607448364/domains/swrice.com/public_html/wp-includes/template.php(787): require('/home/u60744836...')
#17 /home/u607448364/domains/swrice.com/public_html/wp-includes/template.php(720): load_template()
#18 /home/u607448364/domains/swrice.com/public_html/wp-includes/general-template.php(206): locate_template()
#19 /home/u607448364/domains/swrice.com/public_html/wp-content/themes/buddyboss-theme/buddypress.php(93): get_template_part()
#20 /home/u607448364/domains/swrice.com/public_html/wp-includes/template-loader.php(106): include('/home/u60744836...')
#21 /home/u607448364/domains/swrice.com/public_html/wp-blog-header.php(19): require_once('/home/u60744836...')
#22 /home/u607448364/domains/swrice.com/public_html/index.php(17): require('/home/u60744836...')
#23 {main}
  thrown in /home/u607448364/domains/swrice.com/public_html/wp-content/themes/buddyboss-theme/buddypress/members/single/profile.php on line 12
[28-Oct-2023 07:23:58 UTC] PHP Fatal error:  Uncaught Error: Call to undefined function bp_is_user_bluechip_edit() in /home/u607448364/domains/swrice.com/public_html/wp-content/themes/buddyboss-theme/buddypress/members/single/profile.php:12
Stack trace:
#0 /home/u607448364/domains/swrice.com/public_html/wp-includes/template.php(785): require_once()
#1 /home/u607448364/domains/swrice.com/public_html/wp-content/plugins/buddyboss-platform/bp-templates/bp-nouveau/includes/members/functions.php(331): load_template()
#2 /home/u607448364/domains/swrice.com/public_html/wp-content/plugins/buddyboss-platform/bp-templates/bp-nouveau/includes/members/template-tags.php(938): bp_nouveau_member_get_template_part()
#3 /home/u607448364/domains/swrice.com/public_html/wp-content/themes/buddyboss-theme/buddypress/members/single/home.php(54): bp_nouveau_member_template_part()
#4 /home/u607448364/domains/swrice.com/public_html/wp-includes/template.php(787): require('/home/u60744836...')
#5 /home/u607448364/domains/swrice.com/public_html/wp-content/plugins/buddyboss-platform/bp-core/bp-core-template-loader.php(180): load_template()
#6 /home/u607448364/domains/swrice.com/public_html/wp-content/plugins/buddyboss-platform/bp-core/bp-core-template-loader.php(70): bp_locate_template()
#7 /home/u607448364/domains/swrice.com/public_html/wp-content/plugins/buddyboss-platform/bp-core/bp-core-template-loader.php(367): bp_get_template_part()
#8 /home/u607448364/domains/swrice.com/public_html/wp-content/plugins/buddyboss-platform/bp-members/classes/class-bp-members-theme-compat.php(220): bp_buffer_template_part()
#9 /home/u607448364/domains/swrice.com/public_html/wp-includes/class-wp-hook.php(310): BP_Members_Theme_Compat->single_dummy_content()
#10 /home/u607448364/domains/swrice.com/public_html/wp-includes/plugin.php(205): WP_Hook->apply_filters()
#11 /home/u607448364/domains/swrice.com/public_html/wp-content/plugins/buddyboss-platform/bp-core/bp-core-theme-compatibility.php(683): apply_filters()
#12 /home/u607448364/domains/swrice.com/public_html/wp-includes/class-wp-hook.php(310): bp_replace_the_content()
#13 /home/u607448364/domains/swrice.com/public_html/wp-includes/plugin.php(205): WP_Hook->apply_filters()
#14 /home/u607448364/domains/swrice.com/public_html/wp-includes/post-template.php(256): apply_filters()
#15 /home/u607448364/domains/swrice.com/public_html/wp-content/themes/buddyboss-theme/template-parts/content-buddypress.php(38): the_content()
#16 /home/u607448364/domains/swrice.com/public_html/wp-includes/template.php(787): require('/home/u60744836...')
#17 /home/u607448364/domains/swrice.com/public_html/wp-includes/template.php(720): load_template()
#18 /home/u607448364/domains/swrice.com/public_html/wp-includes/general-template.php(206): locate_template()
#19 /home/u607448364/domains/swrice.com/public_html/wp-content/themes/buddyboss-theme/buddypress.php(93): get_template_part()
#20 /home/u607448364/domains/swrice.com/public_html/wp-includes/template-loader.php(106): include('/home/u60744836...')
#21 /home/u607448364/domains/swrice.com/public_html/wp-blog-header.php(19): require_once('/home/u60744836...')
#22 /home/u607448364/domains/swrice.com/public_html/index.php(17): require('/home/u60744836...')
#23 {main}
  thrown in /home/u607448364/domains/swrice.com/public_html/wp-content/themes/buddyboss-theme/buddypress/members/single/profile.php on line 12
[28-Dec-2025 18:55:34 UTC] PHP Deprecated:  Creation of dynamic property Yoast\WP\SEO\Premium\Generated\Cached_Container::$normalizedIds is deprecated in /home/u965330696/domains/swrice.com/public_html/wp-content/plugins/wordpress-seo-premium-1/src/generated/container.php on line 27
[28-Dec-2025 18:55:34 UTC] Call to undefined function Yoast\WP\SEO\Generated\trigger_deprecation()
[28-Dec-2025 18:55:34 UTC] PHP Deprecated:  Creation of dynamic property Yoast\WP\SEO\Premium\Generated\Cached_Container::$normalizedIds is deprecated in /home/u965330696/domains/swrice.com/public_html/wp-content/plugins/wordpress-seo-premium-1/src/generated/container.php on line 27
[28-Dec-2025 18:55:34 UTC] Call to undefined function Yoast\WP\SEO\Generated\trigger_deprecation()
[28-Dec-2025 18:55:38 UTC] PHP Deprecated:  Creation of dynamic property Yoast\WP\SEO\Premium\Generated\Cached_Container::$normalizedIds is deprecated in /home/u965330696/domains/swrice.com/public_html/wp-content/plugins/wordpress-seo-premium-1/src/generated/container.php on line 27
[28-Dec-2025 18:55:38 UTC] Call to undefined function Yoast\WP\SEO\Generated\trigger_deprecation()
[28-Dec-2025 18:55:40 UTC] PHP Fatal error:  Uncaught TypeError: call_user_func_array(): Argument #1 ($callback) must be a valid callback, class Swrice_Header_Manager does not have a method "render_header" in /home/u965330696/domains/swrice.com/public_html/wp-includes/class-wp-hook.php:341
Stack trace:
#0 /home/u965330696/domains/swrice.com/public_html/wp-includes/class-wp-hook.php(365): WP_Hook->apply_filters()
#1 /home/u965330696/domains/swrice.com/public_html/wp-includes/plugin.php(522): WP_Hook->do_action()
#2 /home/u965330696/domains/swrice.com/public_html/wp-includes/general-template.php(3197): do_action()
#3 /home/u965330696/domains/swrice.com/public_html/wp-includes/template-canvas.php(17): wp_head()
#4 /home/u965330696/domains/swrice.com/public_html/wp-includes/template-loader.php(125): include('/home/u96533069...')
#5 /home/u965330696/domains/swrice.com/public_html/wp-blog-header.php(19): require_once('/home/u96533069...')
#6 /home/u965330696/domains/swrice.com/public_html/index.php(17): require('/home/u96533069...')
#7 {main}
  thrown in /home/u965330696/domains/swrice.com/public_html/wp-includes/class-wp-hook.php on line 341
[28-Dec-2025 18:56:03 UTC] PHP Deprecated:  Creation of dynamic property Yoast\WP\SEO\Premium\Generated\Cached_Container::$normalizedIds is deprecated in /home/u965330696/domains/swrice.com/public_html/wp-content/plugins/wordpress-seo-premium-1/src/generated/container.php on line 27
[28-Dec-2025 18:56:03 UTC] Call to undefined function Yoast\WP\SEO\Generated\trigger_deprecation()
[28-Dec-2025 18:57:05 UTC] PHP Deprecated:  Creation of dynamic property Yoast\WP\SEO\Premium\Generated\Cached_Container::$normalizedIds is deprecated in /home/u965330696/domains/swrice.com/public_html/wp-content/plugins/wordpress-seo-premium-1/src/generated/container.php on line 27
[28-Dec-2025 18:57:05 UTC] Call to undefined function Yoast\WP\SEO\Generated\trigger_deprecation()
[28-Dec-2025 18:57:06 UTC] PHP Deprecated:  Creation of dynamic property Yoast\WP\SEO\Premium\Generated\Cached_Container::$normalizedIds is deprecated in /home/u965330696/domains/swrice.com/public_html/wp-content/plugins/wordpress-seo-premium-1/src/generated/container.php on line 27
[28-Dec-2025 18:57:06 UTC] Call to undefined function Yoast\WP\SEO\Generated\trigger_deprecation()
[28-Dec-2025 18:57:35 UTC] PHP Deprecated:  Creation of dynamic property Yoast\WP\SEO\Premium\Generated\Cached_Container::$normalizedIds is deprecated in /home/u965330696/domains/swrice.com/public_html/wp-content/plugins/wordpress-seo-premium-1/src/generated/container.php on line 27
[28-Dec-2025 18:57:35 UTC] Call to undefined function Yoast\WP\SEO\Generated\trigger_deprecation()
[28-Dec-2025 18:57:59 UTC] PHP Deprecated:  Creation of dynamic property Yoast\WP\SEO\Premium\Generated\Cached_Container::$normalizedIds is deprecated in /home/u965330696/domains/swrice.com/public_html/wp-content/plugins/wordpress-seo-premium-1/src/generated/container.php on line 27
[28-Dec-2025 18:57:59 UTC] Call to undefined function Yoast\WP\SEO\Generated\trigger_deprecation()
[28-Dec-2025 18:58:00 UTC] PHP Fatal error:  Uncaught TypeError: call_user_func_array(): Argument #1 ($callback) must be a valid callback, class Swrice_Header_Manager does not have a method "render_header" in /home/u965330696/domains/swrice.com/public_html/wp-includes/class-wp-hook.php:341
Stack trace:
#0 /home/u965330696/domains/swrice.com/public_html/wp-includes/class-wp-hook.php(365): WP_Hook->apply_filters()
#1 /home/u965330696/domains/swrice.com/public_html/wp-includes/plugin.php(522): WP_Hook->do_action()
#2 /home/u965330696/domains/swrice.com/public_html/wp-includes/general-template.php(3197): do_action()
#3 /home/u965330696/domains/swrice.com/public_html/wp-includes/template-canvas.php(17): wp_head()
#4 /home/u965330696/domains/swrice.com/public_html/wp-includes/template-loader.php(125): include('/home/u96533069...')
#5 /home/u965330696/domains/swrice.com/public_html/wp-blog-header.php(19): require_once('/home/u96533069...')
#6 /home/u965330696/domains/swrice.com/public_html/index.php(17): require('/home/u96533069...')
#7 {main}
  thrown in /home/u965330696/domains/swrice.com/public_html/wp-includes/class-wp-hook.php on line 341
[28-Dec-2025 18:58:16 UTC] PHP Deprecated:  Creation of dynamic property Yoast\WP\SEO\Premium\Generated\Cached_Container::$normalizedIds is deprecated in /home/u965330696/domains/swrice.com/public_html/wp-content/plugins/wordpress-seo-premium-1/src/generated/container.php on line 27
[28-Dec-2025 18:58:16 UTC] Call to undefined function Yoast\WP\SEO\Generated\trigger_deprecation()
[28-Dec-2025 18:58:18 UTC] PHP Deprecated:  Creation of dynamic property Yoast\WP\SEO\Premium\Generated\Cached_Container::$normalizedIds is deprecated in /home/u965330696/domains/swrice.com/public_html/wp-content/plugins/wordpress-seo-premium-1/src/generated/container.php on line 27
[28-Dec-2025 18:58:18 UTC] Call to undefined function Yoast\WP\SEO\Generated\trigger_deprecation()
[28-Dec-2025 18:58:18 UTC] PHP Deprecated:  Creation of dynamic property Yoast\WP\SEO\Premium\Generated\Cached_Container::$normalizedIds is deprecated in /home/u965330696/domains/swrice.com/public_html/wp-content/plugins/wordpress-seo-premium-1/src/generated/container.php on line 27
[28-Dec-2025 18:58:18 UTC] Call to undefined function Yoast\WP\SEO\Generated\trigger_deprecation()
[28-Dec-2025 18:58:21 UTC] PHP Deprecated:  Creation of dynamic property Yoast\WP\SEO\Premium\Generated\Cached_Container::$normalizedIds is deprecated in /home/u965330696/domains/swrice.com/public_html/wp-content/plugins/wordpress-seo-premium-1/src/generated/container.php on line 27
[28-Dec-2025 18:58:21 UTC] Call to undefined function Yoast\WP\SEO\Generated\trigger_deprecation()
[28-Dec-2025 18:58:26 UTC] PHP Deprecated:  Creation of dynamic property Yoast\WP\SEO\Premium\Generated\Cached_Container::$normalizedIds is deprecated in /home/u965330696/domains/swrice.com/public_html/wp-content/plugins/wordpress-seo-premium-1/src/generated/container.php on line 27
[28-Dec-2025 18:58:26 UTC] Call to undefined function Yoast\WP\SEO\Generated\trigger_deprecation()
[28-Dec-2025 18:59:05 UTC] PHP Deprecated:  Creation of dynamic property Yoast\WP\SEO\Premium\Generated\Cached_Container::$normalizedIds is deprecated in /home/u965330696/domains/swrice.com/public_html/wp-content/plugins/wordpress-seo-premium-1/src/generated/container.php on line 27
[28-Dec-2025 18:59:05 UTC] Call to undefined function Yoast\WP\SEO\Generated\trigger_deprecation()
[28-Dec-2025 18:59:59 UTC] PHP Deprecated:  Creation of dynamic property Yoast\WP\SEO\Premium\Generated\Cached_Container::$normalizedIds is deprecated in /home/u965330696/domains/swrice.com/public_html/wp-content/plugins/wordpress-seo-premium-1/src/generated/container.php on line 27
[28-Dec-2025 18:59:59 UTC] Call to undefined function Yoast\WP\SEO\Generated\trigger_deprecation()
[28-Dec-2025 19:00:01 UTC] PHP Deprecated:  Creation of dynamic property Yoast\WP\SEO\Premium\Generated\Cached_Container::$normalizedIds is deprecated in /home/u965330696/domains/swrice.com/public_html/wp-content/plugins/wordpress-seo-premium-1/src/generated/container.php on line 27
[28-Dec-2025 19:00:01 UTC] Call to undefined function Yoast\WP\SEO\Generated\trigger_deprecation()
[28-Dec-2025 19:00:01 UTC] PHP Fatal error:  Uncaught TypeError: call_user_func_array(): Argument #1 ($callback) must be a valid callback, class Swrice_Header_Manager does not have a method "render_header" in /home/u965330696/domains/swrice.com/public_html/wp-includes/class-wp-hook.php:341
Stack trace:
#0 /home/u965330696/domains/swrice.com/public_html/wp-includes/class-wp-hook.php(365): WP_Hook->apply_filters()
#1 /home/u965330696/domains/swrice.com/public_html/wp-includes/plugin.php(522): WP_Hook->do_action()
#2 /home/u965330696/domains/swrice.com/public_html/wp-includes/general-template.php(3229): do_action()
#3 /home/u965330696/domains/swrice.com/public_html/wp-includes/template-canvas.php(21): wp_body_open()
#4 /home/u965330696/domains/swrice.com/public_html/wp-includes/template-loader.php(125): include('/home/u96533069...')
#5 /home/u965330696/domains/swrice.com/public_html/wp-blog-header.php(19): require_once('/home/u96533069...')
#6 /home/u965330696/domains/swrice.com/public_html/index.php(17): require('/home/u96533069...')
#7 {main}
  thrown in /home/u965330696/domains/swrice.com/public_html/wp-includes/class-wp-hook.php on line 341
[28-Dec-2025 19:00:01 UTC] PHP Deprecated:  Creation of dynamic property Yoast\WP\SEO\Premium\Generated\Cached_Container::$normalizedIds is deprecated in /home/u965330696/domains/swrice.com/public_html/wp-content/plugins/wordpress-seo-premium-1/src/generated/container.php on line 27
[28-Dec-2025 19:00:01 UTC] Call to undefined function Yoast\WP\SEO\Generated\trigger_deprecation()
[28-Dec-2025 19:01:08 UTC] PHP Deprecated:  Creation of dynamic property Yoast\WP\SEO\Premium\Generated\Cached_Container::$normalizedIds is deprecated in /home/u965330696/domains/swrice.com/public_html/wp-content/plugins/wordpress-seo-premium-1/src/generated/container.php on line 27
[28-Dec-2025 19:01:08 UTC] Call to undefined function Yoast\WP\SEO\Generated\trigger_deprecation()
[28-Dec-2025 19:01:08 UTC] PHP Deprecated:  Creation of dynamic property Yoast\WP\SEO\Premium\Generated\Cached_Container::$normalizedIds is deprecated in /home/u965330696/domains/swrice.com/public_html/wp-content/plugins/wordpress-seo-premium-1/src/generated/container.php on line 27
[28-Dec-2025 19:01:08 UTC] Call to undefined function Yoast\WP\SEO\Generated\trigger_deprecation()
[28-Dec-2025 19:01:35 UTC] PHP Deprecated:  Creation of dynamic property Yoast\WP\SEO\Premium\Generated\Cached_Container::$normalizedIds is deprecated in /home/u965330696/domains/swrice.com/public_html/wp-content/plugins/wordpress-seo-premium-1/src/generated/container.php on line 27
[28-Dec-2025 19:01:35 UTC] Call to undefined function Yoast\WP\SEO\Generated\trigger_deprecation()
[28-Dec-2025 19:01:36 UTC] PHP Fatal error:  Uncaught TypeError: call_user_func_array(): Argument #1 ($callback) must be a valid callback, class Swrice_Header_Manager does not have a method "render_header_new" in /home/u965330696/domains/swrice.com/public_html/wp-includes/class-wp-hook.php:341
Stack trace:
#0 /home/u965330696/domains/swrice.com/public_html/wp-includes/class-wp-hook.php(365): WP_Hook->apply_filters()
#1 /home/u965330696/domains/swrice.com/public_html/wp-includes/plugin.php(522): WP_Hook->do_action()
#2 /home/u965330696/domains/swrice.com/public_html/wp-includes/general-template.php(3197): do_action()
#3 /home/u965330696/domains/swrice.com/public_html/wp-includes/template-canvas.php(17): wp_head()
#4 /home/u965330696/domains/swrice.com/public_html/wp-includes/template-loader.php(125): include('/home/u96533069...')
#5 /home/u965330696/domains/swrice.com/public_html/wp-blog-header.php(19): require_once('/home/u96533069...')
#6 /home/u965330696/domains/swrice.com/public_html/index.php(17): require('/home/u96533069...')
#7 {main}
  thrown in /home/u965330696/domains/swrice.com/public_html/wp-includes/class-wp-hook.php on line 341
[28-Dec-2025 19:02:04 UTC] PHP Deprecated:  Creation of dynamic property Yoast\WP\SEO\Premium\Generated\Cached_Container::$normalizedIds is deprecated in /home/u965330696/domains/swrice.com/public_html/wp-content/plugins/wordpress-seo-premium-1/src/generated/container.php on line 27
[28-Dec-2025 19:02:04 UTC] Call to undefined function Yoast\WP\SEO\Generated\trigger_deprecation()
[28-Dec-2025 19:02:06 UTC] PHP Fatal error:  Uncaught TypeError: call_user_func_array(): Argument #1 ($callback) must be a valid callback, class Swrice_Header_Manager does not have a method "render_header_new" in /home/u965330696/domains/swrice.com/public_html/wp-includes/class-wp-hook.php:341
Stack trace:
#0 /home/u965330696/domains/swrice.com/public_html/wp-includes/class-wp-hook.php(365): WP_Hook->apply_filters()
#1 /home/u965330696/domains/swrice.com/public_html/wp-includes/plugin.php(522): WP_Hook->do_action()
#2 /home/u965330696/domains/swrice.com/public_html/wp-includes/general-template.php(3197): do_action()
#3 /home/u965330696/domains/swrice.com/public_html/wp-includes/template-canvas.php(17): wp_head()
#4 /home/u965330696/domains/swrice.com/public_html/wp-includes/template-loader.php(125): include('/home/u96533069...')
#5 /home/u965330696/domains/swrice.com/public_html/wp-blog-header.php(19): require_once('/home/u96533069...')
#6 /home/u965330696/domains/swrice.com/public_html/index.php(17): require('/home/u96533069...')
#7 {main}
  thrown in /home/u965330696/domains/swrice.com/public_html/wp-includes/class-wp-hook.php on line 341
[28-Dec-2025 19:02:06 UTC] PHP Deprecated:  Creation of dynamic property Yoast\WP\SEO\Premium\Generated\Cached_Container::$normalizedIds is deprecated in /home/u965330696/domains/swrice.com/public_html/wp-content/plugins/wordpress-seo-premium-1/src/generated/container.php on line 27
[28-Dec-2025 19:02:06 UTC] Call to undefined function Yoast\WP\SEO\Generated\trigger_deprecation()
